1421356255.000000 ccnd[3571]: 63005 ____________________ Thu Jan 15 18:10:55 2015
1421356255.673532 ffff0000.ccnd[3571]: CCND_DEBUG=-1 CCND_CAP=2147483647
1421356255.673648 ffff0000.ccnd[3571]: listening on /tmp/.ccnd.sock.63005
1421356255.673679 ffff0000.ccnd[3571]: accepting ipv4 datagrams on fd 4 rcvbuf 212992
1421356255.673696 ffff0000.ccnd[3571]: accepting ipv4 connections on fd 5
1421356255.673711 ffff0000.ccnd[3571]: accepting ipv6 datagrams on fd 6 rcvbuf 212992
1421356255.673725 ffff0000.ccnd[3571]: accepting ipv6 connections on fd 7
1421356255.684363 ffff0000.ccnd[3571]: debug.2509 prefix,ff=3 0 ccnx:/ccnx/ping (16 bytes)
1421356255.684587 ffff0000.ccnd[3571]: debug.2509 prefix,ff=3 0 ccnx:/%C1.M.S.localhost/%C1.M.SRV/ccnd (37 bytes)
1421356255.684618 ffff0000.ccnd[3571]: debug.2509 prefix,ff=3 0 ccnx:/%C1.M.S.neighborhood (24 bytes)
1421356255.684650 ffff0000.ccnd[3571]: debug.2509 prefix,ff=3 0 ccnx:/%C1.M.S.neighborhood/guest (32 bytes)
1421356255.684675 ffff0000.ccnd[3571]: debug.2509 prefix,ff=3 0 ccnx:/%C1.M.FACE (13 bytes)
1421356255.684726 ffff0000.ccnd[3571]: debug.2509 prefix,ff=0x17 0 ccnx:/ccnx/ok=9B01AE4089363ABB1253B27A8EF7A3FFF471480DB8C624121F6136B728B8 (45 bytes)
1421356255.684751 ffff0000.ccnd[3571]: debug.2509 prefix,ff=0x23 0 ccnx:/%C1.M.S.localhost (20 bytes)
1421356256.673020 ffff01f3.ccnd[3571]: accepted client fd=8 id=6
1421356256.673151 ffff01f3.ccnd[3571]: shutdown client fd=8 id=6
1421356256.673195 ffff01f3.ccnd[3571]: recycling face id 6 (slot 6)
1421356256.675091 ffff01f4.ccnd[3571]: accepted client fd=8 id=6
1421356256.675580 ffff01f5.ccnd[3571]: accepted client fd=9 id=7
1421356256.676656 ffff01f5.ccnd[3571]: accepted client fd=10 id=8
1421356256.677181 ffff01f5.ccnd[3571]: accepted client fd=11 id=9
1421356256.684483 ffff01f9.ccnd[3571]: debug.4180 interest_from 9 ccnx:/%C1.M.S.localhost/%C1.M.SRV/ccnd/KEY (46 bytes,sim=DC5B4561)
1421356256.684509 ffff01f9.ccnd[3571]: version: 20090701, etc: 0 bytes
1421356256.684525 ffff01f9.ccnd[3571]: fwd.3142 adding 0
1421356256.684535 ffff01f9.ccnd[3571]: fwd.3142 adding 0
1421356256.684558 ffff01f9.ccnd[3571]: fwd.3142 adding 0
1421356256.684577 ffff01f9.ccnd[3571]: fwd.3142 adding 0
1421356256.684585 ffff01f9.ccnd[3571]: outbound.3227 adding 0
1421356256.684598 ffff01f9.ccnd[3571]: ie_next_usec.3259 now+2000 i=1 f=300c 9  6F6B9B-0DF3-0009-E0AF-6AD27A
1421356256.684612 ffff01f9.ccnd[3571]: ie_next_usec.3259 now+2 i=1 f=0500 0  000000-0000-0000-0000-000000
1421356256.684625 ffff01f9.ccnd[3571]: ie_next_usec.3276 expiry=ffff01fb
1421356256.684632 ffff01f9.ccnd[3571]: ie_next_usec.3280 4000 usec
1421356256.688825 ffff01fb.ccnd[3571]: debug.3324 interest_to 0 ccnx:/%C1.M.S.localhost/%C1.M.SRV/ccnd/KEY (62 bytes,i=1,sim=DC5B4561) 6F6B9B-0DF3-0009-E0AF-6AD27A
1421356256.000000 ccnd[3571]: 63005 ____________________ Thu Jan 15 18:10:56 2015
1421356256.688903 ffff01fb.ccnd[3571]: debug.1004 ccnd_answer_req ccnx:/%C1.M.S.localhost/%C1.M.SRV/ccnd/KEY (62 bytes,i=1,sim=DC5B4561) 6F6B9B-0DF3-0009-E0AF-6AD27A
1421356256.690652 ffff01fc.ccnd[3571]: debug.4492 content_from 0 ccnx:/%C1.M.S.localhost/%C1.M.SRV/ccnd/KEY/%C1.M.K=006F6B9B01AE4089363ABB1253B27A8EF7A3FFF471480DB8C624121F6136B728B8/=FD054B82CDFAC7/=00/2=7C9159DA0AE7ED145BF67E852A7F0FD0025F3B47B6F3E991863E0B0C4F476B (575 bytes)
1421356256.690712 ffff01fc.ccnd[3571]: face 9 q 0 delay 3 usec
1421356256.690734 ffff01fc.ccnd[3571]: sl.1873 0 ci=4 osrc=4294967295 src=0 usec=8459
1421356256.690753 ffff01fc.ccnd[3571]: sl.1873 0 ci=3 osrc=4294967295 src=0 usec=8459
1421356256.690767 ffff01fc.ccnd[3571]: fwd.3142 adding 0
1421356256.690781 ffff01fc.ccnd[3571]: fwd.3142 adding 0
1421356256.690847 ffff01fc.ccnd[3571]: debug.1550 content_to 9 ccnx:/%C1.M.S.localhost/%C1.M.SRV/ccnd/KEY/%C1.M.K=006F6B9B01AE4089363ABB1253B27A8EF7A3FFF471480DB8C624121F6136B728B8/=FD054B82CDFAC7/=00/2=7C9159DA0AE7ED145BF67E852A7F0FD0025F3B47B6F3E991863E0B0C4F476B (575 bytes)
1421356256.692108 ffff01fd.ccnd[3571]: debug.4180 interest_from 9 ccnx:/ccnx/ok=9B01AE4089363ABB1253B27A8EF7A3FFF471480DB8C624121F6136B728B8/selfreg/=048202AA03B2088508CC4C4C0D48BC8AA264AE7DACBAF5CC90522F58B5D8C3349A85812390AF56C7233B4722ECE8D65604919F0DB854937432310DC522CA727BD48F9ACA42413E2DFC1C60982648D0E6B6E12A705FF0E0568E83B828C4F56FD6FE0EFCC2916C37A94A258873C8E3C50ED6870895FA3EAB82B751EDA91CB0157E157D2FBDFA71DE780000F20001A203E20285E94E43F186633A6F3D28ADB2851F1E43952BA1BD31157BCD41A47FBFB981F1740002BAB5054B82CE0B0F0001E201DA0A9530819F300D06092A864886F70D010101050003818D0030818902818100B8D1CC46AA0FCF75DF4ADC89ECC60DF95726692120CA80A8C985787A7F9CED0D33426DD8D7AC3034080BA8AAACF07D9012EC16EB791E81F1B101E7C1ED3C0D76C7E3D4DD68DF36D1553A1CA67ABAE88BC990E168AE84B1A5E2F76F0E6FF094AAD2AB1A2CFF394235A6C6A1E07EFD30B71567165EF3CF148DFB0B44622CF0D2DD0203010001000000019A04AD058A04CABE73656C6672656700F2FAC5616E737765726564000003E202856F6B9B01AE4089363ABB1253B27A8EF7A3FFF471480DB8C624121F6136B728B80004FA8E3300000000 (497 bytes,sim=49D3AAF2)
1421356256.692169 ffff01fd.ccnd[3571]: version: 20090701, etc: 0 bytes
1421356256.692196 ffff01fd.ccnd[3571]: fwd.3142 adding 0
1421356256.692258 ffff01fd.ccnd[3571]: debug.4231 first_candidate ccnx:/%C1.M.S.localhost/%C1.M.SRV/ccnd/KEY/%C1.M.K=006F6B9B01AE4089363ABB1253B27A8EF7A3FFF471480DB8C624121F6136B728B8/=FD054B82CDFAC7/=00/2=7C9159DA0AE7ED145BF67E852A7F0FD0025F3B47B6F3E991863E0B0C4F476B (575 bytes)
1421356256.692419 ffff01fd.ccnd[3571]: debug.4236 prefix_mismatch ccnx:/ccnx/ok=9B01AE4089363ABB1253B27A8EF7A3FFF471480DB8C624121F6136B728B8/selfreg/=048202AA03B2088508CC4C4C0D48BC8AA264AE7DACBAF5CC90522F58B5D8C3349A85812390AF56C7233B4722ECE8D65604919F0DB854937432310DC522CA727BD48F9ACA42413E2DFC1C60982648D0E6B6E12A705FF0E0568E83B828C4F56FD6FE0EFCC2916C37A94A258873C8E3C50ED6870895FA3EAB82B751EDA91CB0157E157D2FBDFA71DE780000F20001A203E20285E94E43F186633A6F3D28ADB2851F1E43952BA1BD31157BCD41A47FBFB981F1740002BAB5054B82CE0B0F0001E201DA0A9530819F300D06092A864886F70D010101050003818D0030818902818100B8D1CC46AA0FCF75DF4ADC89ECC60DF95726692120CA80A8C985787A7F9CED0D33426DD8D7AC3034080BA8AAACF07D9012EC16EB791E81F1B101E7C1ED3C0D76C7E3D4DD68DF36D1553A1CA67ABAE88BC990E168AE84B1A5E2F76F0E6FF094AAD2AB1A2CFF394235A6C6A1E07EFD30B71567165EF3CF148DFB0B44622CF0D2DD0203010001000000019A04AD058A04CABE73656C6672656700F2FAC5616E737765726564000003E202856F6B9B01AE4089363ABB1253B27A8EF7A3FFF471480DB8C624121F6136B728B80004FA8E3300000000 (497 bytes,sim=49D3AAF2)
1421356256.692439 ffff01fd.ccnd[3571]: fwd.3142 adding 0
1421356256.692448 ffff01fd.ccnd[3571]: outbound.3227 adding 0
1421356256.692461 ffff01fd.ccnd[3571]: ie_next_usec.3259 now+2000 i=2 f=300c 9  6F6B9B-0DF3-0009-E0B1-9A0DF3
1421356256.692474 ffff01fd.ccnd[3571]: ie_next_usec.3259 now+2 i=2 f=0500 0  000000-0000-0000-0000-000000
1421356256.692487 ffff01fd.ccnd[3571]: ie_next_usec.3276 expiry=ffff01ff
1421356256.692494 ffff01fd.ccnd[3571]: ie_next_usec.3280 4000 usec
1421356256.696807 ffff01ff.ccnd[3571]: debug.3324 interest_to 0 ccnx:/ccnx/ok=9B01AE4089363ABB1253B27A8EF7A3FFF471480DB8C624121F6136B728B8/selfreg/=048202AA03B2088508CC4C4C0D48BC8AA264AE7DACBAF5CC90522F58B5D8C3349A85812390AF56C7233B4722ECE8D65604919F0DB854937432310DC522CA727BD48F9ACA42413E2DFC1C60982648D0E6B6E12A705FF0E0568E83B828C4F56FD6FE0EFCC2916C37A94A258873C8E3C50ED6870895FA3EAB82B751EDA91CB0157E157D2FBDFA71DE780000F20001A203E20285E94E43F186633A6F3D28ADB2851F1E43952BA1BD31157BCD41A47FBFB981F1740002BAB5054B82CE0B0F0001E201DA0A9530819F300D06092A864886F70D010101050003818D0030818902818100B8D1CC46AA0FCF75DF4ADC89ECC60DF95726692120CA80A8C985787A7F9CED0D33426DD8D7AC3034080BA8AAACF07D9012EC16EB791E81F1B101E7C1ED3C0D76C7E3D4DD68DF36D1553A1CA67ABAE88BC990E168AE84B1A5E2F76F0E6FF094AAD2AB1A2CFF394235A6C6A1E07EFD30B71567165EF3CF148DFB0B44622CF0D2DD0203010001000000019A04AD058A04CABE73656C6672656700F2FAC5616E737765726564000003E202856F6B9B01AE4089363ABB1253B27A8EF7A3FFF471480DB8C624121F6136B728B80004FA8E3300000000 (513 bytes,i=2,sim=49D3AAF2) 6F6B9B-0DF3-0009-E0B1-9A0DF3
1421356256.697027 ffff01ff.ccnd[3571]: debug.1004 ccnd_answer_req ccnx:/ccnx/ok=9B01AE4089363ABB1253B27A8EF7A3FFF471480DB8C624121F6136B728B8/selfreg/=048202AA03B2088508CC4C4C0D48BC8AA264AE7DACBAF5CC90522F58B5D8C3349A85812390AF56C7233B4722ECE8D65604919F0DB854937432310DC522CA727BD48F9ACA42413E2DFC1C60982648D0E6B6E12A705FF0E0568E83B828C4F56FD6FE0EFCC2916C37A94A258873C8E3C50ED6870895FA3EAB82B751EDA91CB0157E157D2FBDFA71DE780000F20001A203E20285E94E43F186633A6F3D28ADB2851F1E43952BA1BD31157BCD41A47FBFB981F1740002BAB5054B82CE0B0F0001E201DA0A9530819F300D06092A864886F70D010101050003818D0030818902818100B8D1CC46AA0FCF75DF4ADC89ECC60DF95726692120CA80A8C985787A7F9CED0D33426DD8D7AC3034080BA8AAACF07D9012EC16EB791E81F1B101E7C1ED3C0D76C7E3D4DD68DF36D1553A1CA67ABAE88BC990E168AE84B1A5E2F76F0E6FF094AAD2AB1A2CFF394235A6C6A1E07EFD30B71567165EF3CF148DFB0B44622CF0D2DD0203010001000000019A04AD058A04CABE73656C6672656700F2FAC5616E737765726564000003E202856F6B9B01AE4089363ABB1253B27A8EF7A3FFF471480DB8C624121F6136B728B80004FA8E3300000000 (513 bytes,i=2,sim=49D3AAF2) 6F6B9B-0DF3-0009-E0B1-9A0DF3
1421356256.697277 ffff01ff.ccnd[3571]: debug.2509 prefix,ff=3 9 ccnx:/answered (13 bytes)
1421356256.698104 ffff01ff.ccnd[3571]: debug.1200 ccnd_answer_req_response ccnx:/ccnx/ok=9B01AE4089363ABB1253B27A8EF7A3FFF471480DB8C624121F6136B728B8/selfreg/=048202AA03B2088508CC4C4C0D48BC8AA264AE7DACBAF5CC90522F58B5D8C3349A85812390AF56C7233B4722ECE8D65604919F0DB854937432310DC522CA727BD48F9ACA42413E2DFC1C60982648D0E6B6E12A705FF0E0568E83B828C4F56FD6FE0EFCC2916C37A94A258873C8E3C50ED6870895FA3EAB82B751EDA91CB0157E157D2FBDFA71DE780000F20001A203E20285E94E43F186633A6F3D28ADB2851F1E43952BA1BD31157BCD41A47FBFB981F1740002BAB5054B82CE0B0F0001E201DA0A9530819F300D06092A864886F70D010101050003818D0030818902818100B8D1CC46AA0FCF75DF4ADC89ECC60DF95726692120CA80A8C985787A7F9CED0D33426DD8D7AC3034080BA8AAACF07D9012EC16EB791E81F1B101E7C1ED3C0D76C7E3D4DD68DF36D1553A1CA67ABAE88BC990E168AE84B1A5E2F76F0E6FF094AAD2AB1A2CFF394235A6C6A1E07EFD30B71567165EF3CF148DFB0B44622CF0D2DD0203010001000000019A04AD058A04CABE73656C6672656700F2FAC5616E737765726564000003E202856F6B9B01AE4089363ABB1253B27A8EF7A3FFF471480DB8C624121F6136B728B80004FA8E3300000000 (941 bytes)
1421356256.698330 ffff0200.ccnd[3571]: debug.4492 content_from 0 ccnx:/ccnx/ok=9B01AE4089363ABB1253B27A8EF7A3FFF471480DB8C624121F6136B728B8/selfreg/=048202AA03B2088508CC4C4C0D48BC8AA264AE7DACBAF5CC90522F58B5D8C3349A85812390AF56C7233B4722ECE8D65604919F0DB854937432310DC522CA727BD48F9ACA42413E2DFC1C60982648D0E6B6E12A705FF0E0568E83B828C4F56FD6FE0EFCC2916C37A94A258873C8E3C50ED6870895FA3EAB82B751EDA91CB0157E157D2FBDFA71DE780000F20001A203E20285E94E43F186633A6F3D28ADB2851F1E43952BA1BD31157BCD41A47FBFB981F1740002BAB5054B82CE0B0F0001E201DA0A9530819F300D06092A864886F70D010101050003818D0030818902818100B8D1CC46AA0FCF75DF4ADC89ECC60DF95726692120CA80A8C985787A7F9CED0D33426DD8D7AC3034080BA8AAACF07D9012EC16EB791E81F1B101E7C1ED3C0D76C7E3D4DD68DF36D1553A1CA67ABAE88BC990E168AE84B1A5E2F76F0E6FF094AAD2AB1A2CFF394235A6C6A1E07EFD30B71567165EF3CF148DFB0B44622CF0D2DD0203010001000000019A04AD058A04CABE73656C6672656700F2FAC5616E737765726564000003E202856F6B9B01AE4089363ABB1253B27A8EF7A3FFF471480DB8C624121F6136B728B80004FA8E3300000000/=DEBBA84FD39CBEA89FE5ECCB1A6DD999B6743B5103E2DBCC4660596CC047EF5F (941 bytes)
1421356256.698365 ffff0200.ccnd[3571]: fwd.3142 adding 0
1421356256.698387 ffff0200.ccnd[3571]: face 9 q 0 delay 3 usec
1421356256.698406 ffff0200.ccnd[3571]: sl.1873 0 ci=4 osrc=4294967295 src=0 usec=8459
1421356256.698421 ffff0200.ccnd[3571]: fwd.3142 adding 0
1421356256.698432 ffff0200.ccnd[3571]: sl.1873 0 ci=3 osrc=4294967295 src=0 usec=8459
1421356256.698444 ffff0200.ccnd[3571]: fwd.3142 adding 0
1421356256.698667 ffff0200.ccnd[3571]: debug.1550 content_to 9 ccnx:/ccnx/ok=9B01AE4089363ABB1253B27A8EF7A3FFF471480DB8C624121F6136B728B8/selfreg/=048202AA03B2088508CC4C4C0D48BC8AA264AE7DACBAF5CC90522F58B5D8C3349A85812390AF56C7233B4722ECE8D65604919F0DB854937432310DC522CA727BD48F9ACA42413E2DFC1C60982648D0E6B6E12A705FF0E0568E83B828C4F56FD6FE0EFCC2916C37A94A258873C8E3C50ED6870895FA3EAB82B751EDA91CB0157E157D2FBDFA71DE780000F20001A203E20285E94E43F186633A6F3D28ADB2851F1E43952BA1BD31157BCD41A47FBFB981F1740002BAB5054B82CE0B0F0001E201DA0A9530819F300D06092A864886F70D010101050003818D0030818902818100B8D1CC46AA0FCF75DF4ADC89ECC60DF95726692120CA80A8C985787A7F9CED0D33426DD8D7AC3034080BA8AAACF07D9012EC16EB791E81F1B101E7C1ED3C0D76C7E3D4DD68DF36D1553A1CA67ABAE88BC990E168AE84B1A5E2F76F0E6FF094AAD2AB1A2CFF394235A6C6A1E07EFD30B71567165EF3CF148DFB0B44622CF0D2DD0203010001000000019A04AD058A04CABE73656C6672656700F2FAC5616E737765726564000003E202856F6B9B01AE4089363ABB1253B27A8EF7A3FFF471480DB8C624121F6136B728B80004FA8E3300000000/=DEBBA84FD39CBEA89FE5ECCB1A6DD999B6743B5103E2DBCC4660596CC047EF5F (941 bytes)
1421356256.775528 ffff0226.ccnd[3571]: debug.4180 interest_from 6 ccnx:/answered/test/TISNWN9hb7Jxr-xABNL (46 bytes,sim=4FE669B0)
1421356256.775571 ffff0226.ccnd[3571]: version: 20090701, etc: 0 bytes
1421356256.775592 ffff0226.ccnd[3571]: fwd.3142 adding 9
1421356256.775674 ffff0226.ccnd[3571]: debug.4231 first_candidate ccnx:/%C1.M.S.localhost/%C1.M.SRV/ccnd/KEY/%C1.M.K=006F6B9B01AE4089363ABB1253B27A8EF7A3FFF471480DB8C624121F6136B728B8/=FD054B82CDFAC7/=00/2=7C9159DA0AE7ED145BF67E852A7F0FD0025F3B47B6F3E991863E0B0C4F476B (575 bytes)
1421356256.775707 ffff0226.ccnd[3571]: debug.4236 prefix_mismatch ccnx:/answered/test/TISNWN9hb7Jxr-xABNL (46 bytes,sim=4FE669B0)
1421356256.775727 ffff0226.ccnd[3571]: fwd.3142 adding 9
1421356256.775743 ffff0226.ccnd[3571]: outbound.3227 adding 9
1421356256.775764 ffff0226.ccnd[3571]: ie_next_usec.3259 now+2000 i=3 f=300c 6  6F6B9B-0DF3-0006-E0C6-8CE8C5
1421356256.775785 ffff0226.ccnd[3571]: ie_next_usec.3259 now+2 i=3 f=0500 9  000000-0000-0000-0000-000000
1421356256.775806 ffff0226.ccnd[3571]: ie_next_usec.3276 expiry=ffff0228
1421356256.775822 ffff0226.ccnd[3571]: ie_next_usec.3280 4000 usec
1421356256.775910 ffff0227.ccnd[3571]: debug.4180 interest_from 7 ccnx:/answered/test/TISNWN9hb7Jxr-xABNL (46 bytes,i=3,sim=4FE669B0)
1421356256.775932 ffff0227.ccnd[3571]: outbound.3227 adding 9
1421356256.775948 ffff0227.ccnd[3571]: ie_next_usec.3259 now+1999 i=3 f=300c 6  6F6B9B-0DF3-0006-E0C6-8CE8C5
1421356256.775964 ffff0227.ccnd[3571]: ie_next_usec.3259 now+1 i=3 f=0500 9  000000-0000-0000-0000-000000
1421356256.775979 ffff0227.ccnd[3571]: ie_next_usec.3259 now+2000 i=3 f=300c 7  6F6B9B-0DF3-0007-E0C6-8DFAA0
1421356256.775993 ffff0227.ccnd[3571]: ie_next_usec.3276 expiry=ffff0228
1421356256.776003 ffff0227.ccnd[3571]: ie_next_usec.3280 2000 usec
1421356256.777081 ffff0227.ccnd[3571]: debug.4180 interest_from 8 ccnx:/answered/test/TISNWN9hb7Jxr-xABNL (46 bytes,i=3,sim=4FE669B0)
1421356256.777128 ffff0227.ccnd[3571]: outbound.3227 adding 9
1421356256.777148 ffff0227.ccnd[3571]: ie_next_usec.3259 now+1999 i=3 f=300c 6  6F6B9B-0DF3-0006-E0C6-8CE8C5
1421356256.777168 ffff0227.ccnd[3571]: ie_next_usec.3259 now+1 i=3 f=0500 9  000000-0000-0000-0000-000000
1421356256.777184 ffff0227.ccnd[3571]: ie_next_usec.3259 now+2000 i=3 f=300c 7  6F6B9B-0DF3-0007-E0C6-8DFAA0
1421356256.777199 ffff0227.ccnd[3571]: ie_next_usec.3259 now+2000 i=3 f=300c 8  6F6B9B-0DF3-0008-E0C6-6EB154
1421356256.777213 ffff0227.ccnd[3571]: ie_next_usec.3276 expiry=ffff0228
1421356256.777223 ffff0227.ccnd[3571]: ie_next_usec.3280 2000 usec
1421356256.780400 ffff0229.ccnd[3571]: debug.3324 interest_to 9 ccnx:/answered/test/TISNWN9hb7Jxr-xABNL (62 bytes,i=3,sim=4FE669B0) 6F6B9B-0DF3-0007-E0C6-8DFAA0
1421356257.000000 ccnd[3571]: 63005 ____________________ Thu Jan 15 18:10:57 2015
1421356257.680239 ffff03eb.ccnd[3571]: accepted client fd=12 id=10
1421356257.680575 ffff03eb.ccnd[3571]: shutdown client fd=12 id=10
1421356257.680596 ffff03eb.ccnd[3571]: recycling face id 10 (slot 10)
1421356257.686467 ffff03ee.ccnd[3571]: accepted client fd=12 id=10
1421356257.693675 ffff03f2.ccnd[3571]: debug.4492 content_from 10 ccnx:/answered/test/TISNWN9hb7Jxr-xABNL/=092FC1D4524639545FAB98EF2EFBB01FE7A2F6B981BCFDE73BA288C55675C5A6 (431 bytes)
1421356257.693717 ffff03f2.ccnd[3571]: face 6 q 0 delay 3 usec
1421356257.693730 ffff03f2.ccnd[3571]: face 7 q 0 delay 3 usec
1421356257.693739 ffff03f2.ccnd[3571]: face 8 q 0 delay 3 usec
1421356257.693751 ffff03f2.ccnd[3571]: sl.1873 10 ci=3 osrc=4294967295 src=10 usec=8459
1421356257.693764 ffff03f2.ccnd[3571]: fwd.3142 adding 9
1421356257.693801 ffff03f2.ccnd[3571]: sl.1873 10 ci=2 osrc=4294967295 src=10 usec=8459
1421356257.693855 ffff03f2.ccnd[3571]: debug.1550 content_to 6 ccnx:/answered/test/TISNWN9hb7Jxr-xABNL/=092FC1D4524639545FAB98EF2EFBB01FE7A2F6B981BCFDE73BA288C55675C5A6 (431 bytes)
1421356257.693921 ffff03f2.ccnd[3571]: debug.1550 content_to 7 ccnx:/answered/test/TISNWN9hb7Jxr-xABNL/=092FC1D4524639545FAB98EF2EFBB01FE7A2F6B981BCFDE73BA288C55675C5A6 (431 bytes)
1421356257.693985 ffff03f2.ccnd[3571]: debug.1550 content_to 8 ccnx:/answered/test/TISNWN9hb7Jxr-xABNL/=092FC1D4524639545FAB98EF2EFBB01FE7A2F6B981BCFDE73BA288C55675C5A6 (431 bytes)
1421356257.694032 ffff03f2.ccnd[3571]: shutdown client fd=12 id=10
1421356257.694051 ffff03f2.ccnd[3571]: releasing face id 10 (slot 10)
1421356257.694358 ffff03f2.ccnd[3571]: shutdown client fd=9 id=7
1421356257.694377 ffff03f2.ccnd[3571]: releasing face id 7 (slot 7)
1421356257.694400 ffff03f2.ccnd[3571]: shutdown client fd=10 id=8
1421356257.694409 ffff03f2.ccnd[3571]: releasing face id 8 (slot 8)
1421356257.694428 ffff03f2.ccnd[3571]: shutdown client fd=8 id=6
1421356257.694437 ffff03f2.ccnd[3571]: releasing face id 6 (slot 6)
1421356258.699217 ffff05e8.ccnd[3571]: accepted client fd=8 id=11
1421356258.701319 ffff05e9.ccnd[3571]: accepted client fd=9 id=12
1421356258.701410 ffff05e9.ccnd[3571]: stopping (/tmp/.ccnd.sock.63005 gone)
1421356258.701431 ffff05e9.ccnd[3571]: exiting.
1421356258.701458 ffff05e9.ccnd[3571]: closing fd 3 while finalizing face 1
1421356258.701474 ffff05e9.ccnd[3571]: releasing face id 1 (slot 1)
1421356258.701499 ffff05e9.ccnd[3571]: closing fd 5 while finalizing face 3
1421356258.701527 ffff05e9.ccnd[3571]: releasing face id 3 (slot 3)
1421356258.701563 ffff05e9.ccnd[3571]: closing fd 7 while finalizing face 5
1421356258.701579 ffff05e9.ccnd[3571]: releasing face id 5 (slot 5)
1421356258.000000 ccnd[3571]: 63005 ____________________ Thu Jan 15 18:10:58 2015
1421356258.701599 ffff05e9.ccnd[3571]: closing fd 4 while finalizing face 2
1421356258.701648 ffff05e9.ccnd[3571]: releasing face id 2 (slot 2)
1421356258.701671 ffff05e9.ccnd[3571]: closing fd 6 while finalizing face 4
1421356258.701684 ffff05e9.ccnd[3571]: releasing face id 4 (slot 4)
1421356258.701795 ffff05e9.ccnd[3571]: closing fd 8 while finalizing face 11
1421356258.701833 ffff05e9.ccnd[3571]: releasing face id 11 (slot 11)
1421356258.701917 ffff05e9.ccnd[3571]: closing fd 11 while finalizing face 9
1421356258.701970 ffff05e9.ccnd[3571]: releasing face id 9 (slot 9)
1421356258.702062 ffff05e9.ccnd[3571]: closing fd 9 while finalizing face 12
1421356258.702087 ffff05e9.ccnd[3571]: recycling face id 12 (slot 12)
