1421356276.248485 ccnd[4065]: CCND_DEBUG=7 CCND_CAP=2147483647
1421356276.248567 ccnd[4065]: listening on /tmp/.ccnd.sock.63003
1421356276.248596 ccnd[4065]: accepting ipv4 datagrams on fd 4 rcvbuf 212992
1421356276.248616 ccnd[4065]: accepting ipv4 connections on fd 5
1421356276.248633 ccnd[4065]: accepting ipv6 datagrams on fd 6 rcvbuf 212992
1421356276.248650 ccnd[4065]: accepting ipv6 connections on fd 7
1421356276.254047 ccnd[4065]: debug.2509 prefix,ff=3 0 ccnx:/ccnx/ping (16 bytes)
1421356276.254143 ccnd[4065]: debug.2509 prefix,ff=3 0 ccnx:/%C1.M.S.localhost/%C1.M.SRV/ccnd (37 bytes)
1421356276.254156 ccnd[4065]: debug.2509 prefix,ff=3 0 ccnx:/%C1.M.S.neighborhood (24 bytes)
1421356276.254171 ccnd[4065]: debug.2509 prefix,ff=3 0 ccnx:/%C1.M.S.neighborhood/guest (32 bytes)
1421356276.254182 ccnd[4065]: debug.2509 prefix,ff=3 0 ccnx:/%C1.M.FACE (13 bytes)
1421356276.254206 ccnd[4065]: debug.2509 prefix,ff=0x17 0 ccnx:/ccnx/p=070F01B0260105829EAEDA798E3F39B8707F510EA338C2BEF3B57039FBFBFC (45 bytes)
1421356276.254217 ccnd[4065]: debug.2509 prefix,ff=0x23 0 ccnx:/%C1.M.S.localhost (20 bytes)
1421356276.254232 ccnd[4065]: accepted client fd=8 id=6
1421356276.254252 ccnd[4065]: shutdown client fd=8 id=6
1421356276.254257 ccnd[4065]: recycling face id 6 (slot 6)
1421356276.313493 ccnd[4065]: accepted client fd=8 id=6
1421356276.313537 ccnd[4065]: debug.4180 interest_from 6 ccnx:/%C1.M.S.localhost/%C1.M.SRV/ccnd/KEY (46 bytes,sim=DC5B4561)
1421356276.317683 ccnd[4065]: debug.3324 interest_to 0 ccnx:/%C1.M.S.localhost/%C1.M.SRV/ccnd/KEY (62 bytes,i=1,sim=DC5B4561) 70070F-0FE1-0006-F450-5C6FF6
1421356276.318370 ccnd[4065]: debug.4492 content_from 0 ccnx:/%C1.M.S.localhost/%C1.M.SRV/ccnd/KEY/%C1.M.K=0070070F01B0260105829EAEDA798E3F39B8707F510EA338C2BEF3B57039FBFBFC/=FD054B82CF43FA/=00/7=A102BF2AFED4692E2C1C4483A30646A5D5321E0890A7D663D6DD962D3F0EA2 (575 bytes)
1421356276.318407 ccnd[4065]: debug.1550 content_to 6 ccnx:/%C1.M.S.localhost/%C1.M.SRV/ccnd/KEY/%C1.M.K=0070070F01B0260105829EAEDA798E3F39B8707F510EA338C2BEF3B57039FBFBFC/=FD054B82CF43FA/=00/7=A102BF2AFED4692E2C1C4483A30646A5D5321E0890A7D663D6DD962D3F0EA2 (575 bytes)
1421356276.321927 ccnd[4065]: debug.4180 interest_from 6 ccnx:/ccnx/p=070F01B0260105829EAEDA798E3F39B8707F510EA338C2BEF3B57039FBFBFC/newface/=048202AA03B2088576FE83B95580094F10A6A39126DA2CDDE005F33FBC892275A0FC56CB20332B97B46B765E701F3795EACF58FDF9DFC409BD26760BFD1EC54FF2BAD9FE22C9BC82B38AF232F613290F768A33A0004E55EB21BEE97A367D52BE3797499B23CE2B3AADCD89CD10B480088233B67E8480C472683A98DA82C6701913758A04F71E53C00000F20001A203E20285E94E43F186633A6F3D28ADB2851F1E43952BA1BD31157BCD41A47FBFB981F1740002BAB5054B82CF45240001E201DA0A9530819F300D06092A864886F70D010101050003818D0030818902818100B8D1CC46AA0FCF75DF4ADC89ECC60DF95726692120CA80A8C985787A7F9CED0D33426DD8D7AC3034080BA8AAACF07D9012EC16EB791E81F1B101E7C1ED3C0D76C7E3D4DD68DF36D1553A1CA67ABAE88BC990E168AE84B1A5E2F76F0E6FF094AAD2AB1A2CFF394235A6C6A1E07EFD30B71567165EF3CF148DFB0B44622CF0D2DD0203010001000000019A0695058204CABE6E6577666163650003E2028570070F01B0260105829EAEDA798E3F39B8707F510EA338C2BEF3B57039FBFBFC0004D28E300004DA9631370004E2CE3132372E302E302E310004EAAE36333030310003D2D63231343734383336343700000000 (531 bytes,scope=1,sim=051C57F5)
1421356276.326155 ccnd[4065]: debug.3324 interest_to 0 ccnx:/ccnx/p=070F01B0260105829EAEDA798E3F39B8707F510EA338C2BEF3B57039FBFBFC/newface/=048202AA03B2088576FE83B95580094F10A6A39126DA2CDDE005F33FBC892275A0FC56CB20332B97B46B765E701F3795EACF58FDF9DFC409BD26760BFD1EC54FF2BAD9FE22C9BC82B38AF232F613290F768A33A0004E55EB21BEE97A367D52BE3797499B23CE2B3AADCD89CD10B480088233B67E8480C472683A98DA82C6701913758A04F71E53C00000F20001A203E20285E94E43F186633A6F3D28ADB2851F1E43952BA1BD31157BCD41A47FBFB981F1740002BAB5054B82CF45240001E201DA0A9530819F300D06092A864886F70D010101050003818D0030818902818100B8D1CC46AA0FCF75DF4ADC89ECC60DF95726692120CA80A8C985787A7F9CED0D33426DD8D7AC3034080BA8AAACF07D9012EC16EB791E81F1B101E7C1ED3C0D76C7E3D4DD68DF36D1553A1CA67ABAE88BC990E168AE84B1A5E2F76F0E6FF094AAD2AB1A2CFF394235A6C6A1E07EFD30B71567165EF3CF148DFB0B44622CF0D2DD0203010001000000019A0695058204CABE6E6577666163650003E2028570070F01B0260105829EAEDA798E3F39B8707F510EA338C2BEF3B57039FBFBFC0004D28E300004DA9631370004E2CE3132372E302E302E310004EAAE36333030310003D2D63231343734383336343700000000 (547 bytes,scope=1,i=2,sim=051C57F5) 70070F-0FE1-0006-F452-74D542
1421356276.326257 ccnd[4065]: accepted datagram client id=7 (flags=0x41012) 127.0.0.1 port 63001
1421356276.326860 ccnd[4065]: debug.4492 content_from 0 ccnx:/ccnx/p=070F01B0260105829EAEDA798E3F39B8707F510EA338C2BEF3B57039FBFBFC/newface/=048202AA03B2088576FE83B95580094F10A6A39126DA2CDDE005F33FBC892275A0FC56CB20332B97B46B765E701F3795EACF58FDF9DFC409BD26760BFD1EC54FF2BAD9FE22C9BC82B38AF232F613290F768A33A0004E55EB21BEE97A367D52BE3797499B23CE2B3AADCD89CD10B480088233B67E8480C472683A98DA82C6701913758A04F71E53C00000F20001A203E20285E94E43F186633A6F3D28ADB2851F1E43952BA1BD31157BCD41A47FBFB981F1740002BAB5054B82CF45240001E201DA0A9530819F300D06092A864886F70D010101050003818D0030818902818100B8D1CC46AA0FCF75DF4ADC89ECC60DF95726692120CA80A8C985787A7F9CED0D33426DD8D7AC3034080BA8AAACF07D9012EC16EB791E81F1B101E7C1ED3C0D76C7E3D4DD68DF36D1553A1CA67ABAE88BC990E168AE84B1A5E2F76F0E6FF094AAD2AB1A2CFF394235A6C6A1E07EFD30B71567165EF3CF148DFB0B44622CF0D2DD0203010001000000019A0695058204CABE6E6577666163650003E2028570070F01B0260105829EAEDA798E3F39B8707F510EA338C2BEF3B57039FBFBFC0004D28E300004DA9631370004E2CE3132372E302E302E310004EAAE36333030310003D2D63231343734383336343700000000/%851=11B914A6544E8553AA0FEF8EB5540CABD7B1E17A8FB10DB9CA214FC8D747 (980 bytes)
1421356276.327074 ccnd[4065]: debug.1550 content_to 6 ccnx:/ccnx/p=070F01B0260105829EAEDA798E3F39B8707F510EA338C2BEF3B57039FBFBFC/newface/=048202AA03B2088576FE83B95580094F10A6A39126DA2CDDE005F33FBC892275A0FC56CB20332B97B46B765E701F3795EACF58FDF9DFC409BD26760BFD1EC54FF2BAD9FE22C9BC82B38AF232F613290F768A33A0004E55EB21BEE97A367D52BE3797499B23CE2B3AADCD89CD10B480088233B67E8480C472683A98DA82C6701913758A04F71E53C00000F20001A203E20285E94E43F186633A6F3D28ADB2851F1E43952BA1BD31157BCD41A47FBFB981F1740002BAB5054B82CF45240001E201DA0A9530819F300D06092A864886F70D010101050003818D0030818902818100B8D1CC46AA0FCF75DF4ADC89ECC60DF95726692120CA80A8C985787A7F9CED0D33426DD8D7AC3034080BA8AAACF07D9012EC16EB791E81F1B101E7C1ED3C0D76C7E3D4DD68DF36D1553A1CA67ABAE88BC990E168AE84B1A5E2F76F0E6FF094AAD2AB1A2CFF394235A6C6A1E07EFD30B71567165EF3CF148DFB0B44622CF0D2DD0203010001000000019A0695058204CABE6E6577666163650003E2028570070F01B0260105829EAEDA798E3F39B8707F510EA338C2BEF3B57039FBFBFC0004D28E300004DA9631370004E2CE3132372E302E302E310004EAAE36333030310003D2D63231343734383336343700000000/%851=11B914A6544E8553AA0FEF8EB5540CABD7B1E17A8FB10DB9CA214FC8D747 (980 bytes)
1421356276.327721 ccnd[4065]: debug.4180 interest_from 6 ccnx:/ccnx/p=070F01B0260105829EAEDA798E3F39B8707F510EA338C2BEF3B57039FBFBFC/prefixreg/=048202AA03B208850676C896B9AB7838302B9C8D34FA1964C71DAB86E164A39A5C600E6CF5A209D229731C6F269E68BEBFF3BD56FD3D0080FD4917FD856935DAE9E0514C8DFB7E5CAF231EB536DDB5873AB5D627DF8140F0BCB9BE401B759FADE5AE21E0B416DB5CC38CBBD7D17E8E6ECF540FA6FA2BE7417F2491D700B2824CC5933589F838B8DC0000F20001A203E20285E94E43F186633A6F3D28ADB2851F1E43952BA1BD31157BCD41A47FBFB981F1740002BAB5054B82CF453C0001E201DA0A9530819F300D06092A864886F70D010101050003818D0030818902818100B8D1CC46AA0FCF75DF4ADC89ECC60DF95726692120CA80A8C985787A7F9CED0D33426DD8D7AC3034080BA8AAACF07D9012EC16EB791E81F1B101E7C1ED3C0D76C7E3D4DD68DF36D1553A1CA67ABAE88BC990E168AE84B1A5E2F76F0E6FF094AAD2AB1A2CFF394235A6C6A1E07EFD30B71567165EF3CF148DFB0B44622CF0D2DD0203010001000000019A04D5058A04CACE70726566697872656700F20003E2028570070F01B0260105829EAEDA798E3F39B8707F510EA338C2BEF3B57039FBFBFC0004D28E370003D2D63231343734383336343700000000 (509 bytes,scope=1,sim=55AF3179)
1421356276.332044 ccnd[4065]: debug.3324 interest_to 0 ccnx:/ccnx/p=070F01B0260105829EAEDA798E3F39B8707F510EA338C2BEF3B57039FBFBFC/prefixreg/=048202AA03B208850676C896B9AB7838302B9C8D34FA1964C71DAB86E164A39A5C600E6CF5A209D229731C6F269E68BEBFF3BD56FD3D0080FD4917FD856935DAE9E0514C8DFB7E5CAF231EB536DDB5873AB5D627DF8140F0BCB9BE401B759FADE5AE21E0B416DB5CC38CBBD7D17E8E6ECF540FA6FA2BE7417F2491D700B2824CC5933589F838B8DC0000F20001A203E20285E94E43F186633A6F3D28ADB2851F1E43952BA1BD31157BCD41A47FBFB981F1740002BAB5054B82CF453C0001E201DA0A9530819F300D06092A864886F70D010101050003818D0030818902818100B8D1CC46AA0FCF75DF4ADC89ECC60DF95726692120CA80A8C985787A7F9CED0D33426DD8D7AC3034080BA8AAACF07D9012EC16EB791E81F1B101E7C1ED3C0D76C7E3D4DD68DF36D1553A1CA67ABAE88BC990E168AE84B1A5E2F76F0E6FF094AAD2AB1A2CFF394235A6C6A1E07EFD30B71567165EF3CF148DFB0B44622CF0D2DD0203010001000000019A04D5058A04CACE70726566697872656700F20003E2028570070F01B0260105829EAEDA798E3F39B8707F510EA338C2BEF3B57039FBFBFC0004D28E370003D2D63231343734383336343700000000 (525 bytes,scope=1,i=3,sim=55AF3179) 70070F-0FE1-0006-F453-7627A6
1421356276.332196 ccnd[4065]: debug.2509 prefix,ff=3 7 ccnx:/ (2 bytes)
1421356276.333039 ccnd[4065]: debug.4492 content_from 0 ccnx:/ccnx/p=070F01B0260105829EAEDA798E3F39B8707F510EA338C2BEF3B57039FBFBFC/prefixreg/=048202AA03B208850676C896B9AB7838302B9C8D34FA1964C71DAB86E164A39A5C600E6CF5A209D229731C6F269E68BEBFF3BD56FD3D0080FD4917FD856935DAE9E0514C8DFB7E5CAF231EB536DDB5873AB5D627DF8140F0BCB9BE401B759FADE5AE21E0B416DB5CC38CBBD7D17E8E6ECF540FA6FA2BE7417F2491D700B2824CC5933589F838B8DC0000F20001A203E20285E94E43F186633A6F3D28ADB2851F1E43952BA1BD31157BCD41A47FBFB981F1740002BAB5054B82CF453C0001E201DA0A9530819F300D06092A864886F70D010101050003818D0030818902818100B8D1CC46AA0FCF75DF4ADC89ECC60DF95726692120CA80A8C985787A7F9CED0D33426DD8D7AC3034080BA8AAACF07D9012EC16EB791E81F1B101E7C1ED3C0D76C7E3D4DD68DF36D1553A1CA67ABAE88BC990E168AE84B1A5E2F76F0E6FF094AAD2AB1A2CFF394235A6C6A1E07EFD30B71567165EF3CF148DFB0B44622CF0D2DD0203010001000000019A04D5058A04CACE70726566697872656700F20003E2028570070F01B0260105829EAEDA798E3F39B8707F510EA338C2BEF3B57039FBFBFC0004D28E370003D2D63231343734383336343700000000/1=A10A04E617146BEAE52995A6118D0C14FE39C6081AB50966EBBB22E3A53449 (941 bytes)
1421356276.333243 ccnd[4065]: debug.1550 content_to 6 ccnx:/ccnx/p=070F01B0260105829EAEDA798E3F39B8707F510EA338C2BEF3B57039FBFBFC/prefixreg/=048202AA03B208850676C896B9AB7838302B9C8D34FA1964C71DAB86E164A39A5C600E6CF5A209D229731C6F269E68BEBFF3BD56FD3D0080FD4917FD856935DAE9E0514C8DFB7E5CAF231EB536DDB5873AB5D627DF8140F0BCB9BE401B759FADE5AE21E0B416DB5CC38CBBD7D17E8E6ECF540FA6FA2BE7417F2491D700B2824CC5933589F838B8DC0000F20001A203E20285E94E43F186633A6F3D28ADB2851F1E43952BA1BD31157BCD41A47FBFB981F1740002BAB5054B82CF453C0001E201DA0A9530819F300D06092A864886F70D010101050003818D0030818902818100B8D1CC46AA0FCF75DF4ADC89ECC60DF95726692120CA80A8C985787A7F9CED0D33426DD8D7AC3034080BA8AAACF07D9012EC16EB791E81F1B101E7C1ED3C0D76C7E3D4DD68DF36D1553A1CA67ABAE88BC990E168AE84B1A5E2F76F0E6FF094AAD2AB1A2CFF394235A6C6A1E07EFD30B71567165EF3CF148DFB0B44622CF0D2DD0203010001000000019A04D5058A04CACE70726566697872656700F20003E2028570070F01B0260105829EAEDA798E3F39B8707F510EA338C2BEF3B57039FBFBFC0004D28E370003D2D63231343734383336343700000000/1=A10A04E617146BEAE52995A6118D0C14FE39C6081AB50966EBBB22E3A53449 (941 bytes)
1421356276.333437 ccnd[4065]: shutdown client fd=8 id=6
1421356276.333451 ccnd[4065]: releasing face id 6 (slot 6)
1421356276.340264 ccnd[4065]: accepted client fd=8 id=8
1421356276.340727 ccnd[4065]: shutdown client fd=8 id=8
1421356276.340764 ccnd[4065]: recycling face id 8 (slot 8)
1421356276.350840 ccnd[4065]: debug.4180 interest_from 7 ccnx:/test (28 bytes,sim=06FAFE17) D643E4-0FE0-0008-F457-87F3B0
1421356276.426781 ccnd[4065]: debug.4180 interest_from 7 ccnx:/test (116 bytes,aok=0x1,sim=74F0D710,e=[long,ccnls,happy,extopt,locotcp,child_selector,test_new_provider]) D643E4-0FE0-0008-F46A-7918F8
1421356276.563068 ccnd[4065]: ic.491 adjstate 7 s........... 0x61412
1421356276.563135 ccnd[4065]: debug.4180 interest_from 0 ccnx:/%C1.M.FACE (84 bytes,aok=0,scope=2,sim=F975A1E1,e=[*,%C1.M.G=000022F7C9CB112E000000000000,%C1.M.G=000022F7C9CB112EFFFFFFFFFFFF,*])
1421356276.567304 ccnd[4065]: debug.3324 interest_to 7 ccnx:/%C1.M.FACE (95 bytes,aok=0,scope=2,i=6,sim=F975A1E1,e=[*,%C1.M.G=000022F7C9CB112E000000000000,%C1.M.G=000022F7C9CB112EFFFFFFFFFFFF,*]) 70070F-0FE1-0000-F490-51BB1F
1421356276.573705 ccnd[4065]: debug.4180 interest_from 7 ccnx:/%C1.M.FACE (95 bytes,aok=0,scope=2,sim=4EA40D2D,e=[*,%C1.M.G=0000F74FACFCD3EE000000000000,%C1.M.G=0000F74FACFCD3EEFFFFFFFFFFFF,*]) 72962E-0FDF-0000-F490-3629B2
1421356276.577886 ccnd[4065]: debug.3324 interest_to 0 ccnx:/%C1.M.FACE (95 bytes,aok=0,scope=2,i=7,sim=4EA40D2D,e=[*,%C1.M.G=0000F74FACFCD3EE000000000000,%C1.M.G=0000F74FACFCD3EEFFFFFFFFFFFF,*]) 72962E-0FDF-0000-F490-3629B2
1421356277.514099 ccnd[4065]: debug.4180 interest_from 7 ccnx:/test/long/jot/576 (52 bytes,c=0:1,sim=2311137D) D643E4-0FE0-0009-F582-772E04
1421356277.514156 ccnd[4065]: debug.4180 interest_from 7 ccnx:/test/long/jot/577 (52 bytes,c=0:1,sim=662569A5) D643E4-0FE0-0009-F582-B5749F
1421356277.514194 ccnd[4065]: debug.4180 interest_from 7 ccnx:/test/long/jot/579 (52 bytes,c=0:1,sim=ECC9D1C9) D643E4-0FE0-0009-F582-1E0015
1421356277.514229 ccnd[4065]: debug.4180 interest_from 7 ccnx:/test/long/jot/582 (52 bytes,c=0:1,sim=ACA46ED0) D643E4-0FE0-0009-F583-BABF6E
1421356277.516266 ccnd[4065]: debug.4180 interest_from 7 ccnx:/test/long/jot/578 (52 bytes,c=0:1,sim=0D7F4785) D643E4-0FE0-0009-F582-B7D67B
1421356277.516322 ccnd[4065]: debug.4180 interest_from 7 ccnx:/test/long/jot/580 (52 bytes,c=0:1,sim=A0EA6F90) D643E4-0FE0-0009-F582-E82969
1421356277.518457 ccnd[4065]: debug.4180 interest_from 7 ccnx:/test/long/jot/581 (52 bytes,c=0:1,sim=9799283D) D643E4-0FE0-0009-F582-C617C2
1421356277.562959 ccnd[4065]: debug.4180 interest_from 7 ccnx:/25c3b2bfda8b1762e7b26f0ff3ae1c6968dd2bcc (109 bytes,aok=0x1,sim=9E688E78,e=[=DC1B3E5F5B9174C0222788ADF517025C41953C4B967081D7E0ED3A9735F109BA]) D6362A-0E29-004C-F58C-0F35CC
1421356279.617029 ccnd[4065]: accepted client fd=8 id=8
1421356279.617098 ccnd[4065]: CCND_DEBUG=71
1421356279.000000 ccnd[4065]: 63003 ____________________ Thu Jan 15 18:11:19 2015
1421356279.617149 ccnd[4065]: shutdown client fd=8 id=8
1421356279.617244 ccnd[4065]: recycling face id 8 (slot 8)
1421356279.619097 ccnd[4065]: accepted client fd=8 id=8
1421356279.625558 ccnd[4065]: debug.4492 content_from 8 ccnx:/test_scope2_N4PPQH6dOEBzX0fc/scope2/stuff/=03A55C1C2D085720F9C87B18754267D7EC31BC0DDAC49D9911257E290FB0748A (413 bytes)
1421356279.625624 ccnd[4065]: shutdown client fd=8 id=8
1421356279.625641 ccnd[4065]: releasing face id 8 (slot 8)
1421356280.132921 ccnd[4065]: debug.4180 interest_from 7 ccnx:/test_scope2_N4PPQH6dOEBzX0fc/scope2 (67 bytes,scope=2,sim=CE839943) 72962E-0FDF-000C-F821-A34D81
1421356280.133043 ccnd[4065]: debug.1550 content_to 7 ccnx:/test_scope2_N4PPQH6dOEBzX0fc/scope2/stuff/=03A55C1C2D085720F9C87B18754267D7EC31BC0DDAC49D9911257E290FB0748A (413 bytes)
1421356280.351916 ccnd[4065]: debug.3514 interest_expiry 7 ccnx:/test (12 bytes,i=4,sim=06FAFE17)
1421356280.427159 ccnd[4065]: debug.3514 interest_expiry 7 ccnx:/test (100 bytes,aok=0x1,i=5,sim=74F0D710,e=[long,ccnls,happy,extopt,locotcp,child_selector,test_new_provider])
1421356280.563551 ccnd[4065]: ic.809 adjstate 7 ........T... 0x21412
1421356280.563655 ccnd[4065]: debug.3514 interest_expiry 0 ccnx:/%C1.M.FACE (79 bytes,aok=0,scope=2,i=6,sim=F975A1E1,e=[*,%C1.M.G=000022F7C9CB112E000000000000,%C1.M.G=000022F7C9CB112EFFFFFFFFFFFF,*])
1421356280.574949 ccnd[4065]: debug.3514 interest_expiry 7 ccnx:/%C1.M.FACE (79 bytes,aok=0,scope=2,i=7,sim=4EA40D2D,e=[*,%C1.M.G=0000F74FACFCD3EE000000000000,%C1.M.G=0000F74FACFCD3EEFFFFFFFFFFFF,*])
1421356281.514400 ccnd[4065]: debug.3514 interest_expiry 7 ccnx:/test/long/jot/576 (36 bytes,c=0:1,i=8,sim=2311137D)
1421356281.514465 ccnd[4065]: debug.3514 interest_expiry 7 ccnx:/test/long/jot/577 (36 bytes,c=0:1,i=9,sim=662569A5)
1421356281.514545 ccnd[4065]: debug.3514 interest_expiry 7 ccnx:/test/long/jot/579 (36 bytes,c=0:1,i=10,sim=ECC9D1C9)
1421356281.514572 ccnd[4065]: debug.3514 interest_expiry 7 ccnx:/test/long/jot/582 (36 bytes,c=0:1,i=11,sim=ACA46ED0)
1421356281.516741 ccnd[4065]: debug.3514 interest_expiry 7 ccnx:/test/long/jot/578 (36 bytes,c=0:1,i=12,sim=0D7F4785)
1421356281.516801 ccnd[4065]: debug.3514 interest_expiry 7 ccnx:/test/long/jot/580 (36 bytes,c=0:1,i=13,sim=A0EA6F90)
1421356281.518998 ccnd[4065]: debug.3514 interest_expiry 7 ccnx:/test/long/jot/581 (36 bytes,c=0:1,i=14,sim=9799283D)
1421356281.563233 ccnd[4065]: debug.3514 interest_expiry 7 ccnx:/25c3b2bfda8b1762e7b26f0ff3ae1c6968dd2bcc (93 bytes,aok=0x1,i=15,sim=9E688E78,e=[=DC1B3E5F5B9174C0222788ADF517025C41953C4B967081D7E0ED3A9735F109BA])
1421356282.590419 ccnd[4065]: accepted client fd=8 id=9
1421356282.592262 ccnd[4065]: accepted client fd=9 id=10
1421356282.592299 ccnd[4065]: stopping (/tmp/.ccnd.sock.63003 gone)
1421356282.592308 ccnd[4065]: exiting.
1421356282.592325 ccnd[4065]: closing fd 3 while finalizing face 1
1421356282.592333 ccnd[4065]: releasing face id 1 (slot 1)
1421356282.592347 ccnd[4065]: closing fd 5 while finalizing face 3
1421356282.592355 ccnd[4065]: releasing face id 3 (slot 3)
1421356282.592367 ccnd[4065]: closing fd 7 while finalizing face 5
1421356282.592374 ccnd[4065]: releasing face id 5 (slot 5)
1421356282.592386 ccnd[4065]: closing fd 4 while finalizing face 2
1421356282.000000 ccnd[4065]: 63003 ____________________ Thu Jan 15 18:11:22 2015
1421356282.592393 ccnd[4065]: releasing face id 2 (slot 2)
1421356282.592428 ccnd[4065]: closing fd 6 while finalizing face 4
1421356282.592435 ccnd[4065]: releasing face id 4 (slot 4)
1421356282.592495 ccnd[4065]: releasing face id 7 (slot 7)
1421356282.592527 ccnd[4065]: closing fd 8 while finalizing face 9
1421356282.592535 ccnd[4065]: releasing face id 9 (slot 9)
1421356282.592562 ccnd[4065]: closing fd 9 while finalizing face 10
1421356282.592570 ccnd[4065]: recycling face id 10 (slot 10)
