=1B2A9B4FE3CA11C7B532C5E2AF351BA612B1C2B7581342A8DA423E0DD6BC78CC [verified]
